Stockfish: C:\Users\Admin\Documents\dev\Extract_ZST\stockfish\stockfish-windows-x86-64-avx2.exe
Analysing 858 game(s) | scope=all depth=16 | 3 workers x 1 thread(s) x 128MB
  10/858  ok=10 fail=0  0.03 games/s  ETA 28137s
Process SpawnPoolWorker-1:
Traceback (most recent call last):
  File "C:\Users\Admin\AppData\Local\Programs\Python\Python311\Lib\multiprocessing\pool.py", line 131, in worker
    put((job, i, result))
  File "C:\Users\Admin\AppData\Local\Programs\Python\Python311\Lib\multiprocessing\queues.py", line 374, in put
    self._writer.send_bytes(obj)
  File "C:\Users\Admin\AppData\Local\Programs\Python\Python311\Lib\multiprocessing\connection.py", line 200, in send_bytes
    self._send_bytes(m[offset:offset + size])
  File "C:\Users\Admin\AppData\Local\Programs\Python\Python311\Lib\multiprocessing\connection.py", line 289, in _send_bytes
    ov, err = _winapi.WriteFile(self._handle, buf, overlapped=True)
              ^^^^^^^^^^^^^^^^^^^^^^^^^^^^^^^^^^^^^^^^^^^^^^^^^^^^^
BrokenPipeError: [WinError 232] The pipe is being closed

During handling of the above exception, another exception occurred:

Traceback (most recent call last):
  File "C:\Users\Admin\AppData\Local\Programs\Python\Python311\Lib\multiprocessing\process.py", line 314, in _bootstrap
    self.run()
  File "C:\Users\Admin\AppData\Local\Programs\Python\Python311\Lib\multiprocessing\process.py", line 108, in run
    self._target(*self._args, **self._kwargs)
  File "C:\Users\Admin\AppData\Local\Programs\Python\Python311\Lib\multiprocessing\pool.py", line 136, in worker
    put((job, i, (False, wrapped)))
  File "C:\Users\Admin\AppData\Local\Programs\Python\Python311\Lib\multiprocessing\queues.py", line 374, in put
    self._writer.send_bytes(obj)
  File "C:\Users\Admin\AppData\Local\Programs\Python\Python311\Lib\multiprocessing\connection.py", line 200, in send_bytes
    self._send_bytes(m[offset:offset + size])
  File "C:\Users\Admin\AppData\Local\Programs\Python\Python311\Lib\multiprocessing\connection.py", line 289, in _send_bytes
    ov, err = _winapi.WriteFile(self._handle, buf, overlapped=True)
              ^^^^^^^^^^^^^^^^^^^^^^^^^^^^^^^^^^^^^^^^^^^^^^^^^^^^^
BrokenPipeError: [WinError 232] The pipe is being closed
Process SpawnPoolWorker-2:
Traceback (most recent call last):
  File "C:\Users\Admin\AppData\Local\Programs\Python\Python311\Lib\multiprocessing\pool.py", line 131, in worker
    put((job, i, result))
  File "C:\Users\Admin\AppData\Local\Programs\Python\Python311\Lib\multiprocessing\queues.py", line 374, in put
    self._writer.send_bytes(obj)
  File "C:\Users\Admin\AppData\Local\Programs\Python\Python311\Lib\multiprocessing\connection.py", line 200, in send_bytes
    self._send_bytes(m[offset:offset + size])
  File "C:\Users\Admin\AppData\Local\Programs\Python\Python311\Lib\multiprocessing\connection.py", line 289, in _send_bytes
    ov, err = _winapi.WriteFile(self._handle, buf, overlapped=True)
              ^^^^^^^^^^^^^^^^^^^^^^^^^^^^^^^^^^^^^^^^^^^^^^^^^^^^^
BrokenPipeError: [WinError 232] The pipe is being closed

During handling of the above exception, another exception occurred:

Traceback (most recent call last):
  File "C:\Users\Admin\AppData\Local\Programs\Python\Python311\Lib\multiprocessing\process.py", line 314, in _bootstrap
    self.run()
  File "C:\Users\Admin\AppData\Local\Programs\Python\Python311\Lib\multiprocessing\process.py", line 108, in run
    self._target(*self._args, **self._kwargs)
  File "C:\Users\Admin\AppData\Local\Programs\Python\Python311\Lib\multiprocessing\pool.py", line 136, in worker
    put((job, i, (False, wrapped)))
  File "C:\Users\Admin\AppData\Local\Programs\Python\Python311\Lib\multiprocessing\queues.py", line 374, in put
    self._writer.send_bytes(obj)
  File "C:\Users\Admin\AppData\Local\Programs\Python\Python311\Lib\multiprocessing\connection.py", line 200, in send_bytes
    self._send_bytes(m[offset:offset + size])
  File "C:\Users\Admin\AppData\Local\Programs\Python\Python311\Lib\multiprocessing\connection.py", line 289, in _send_bytes
    ov, err = _winapi.WriteFile(self._handle, buf, overlapped=True)
              ^^^^^^^^^^^^^^^^^^^^^^^^^^^^^^^^^^^^^^^^^^^^^^^^^^^^^
BrokenPipeError: [WinError 232] The pipe is being closed
Process SpawnPoolWorker-3:
Traceback (most recent call last):
  File "C:\Users\Admin\AppData\Local\Programs\Python\Python311\Lib\multiprocessing\pool.py", line 131, in worker
    put((job, i, result))
  File "C:\Users\Admin\AppData\Local\Programs\Python\Python311\Lib\multiprocessing\queues.py", line 374, in put
    self._writer.send_bytes(obj)
  File "C:\Users\Admin\AppData\Local\Programs\Python\Python311\Lib\multiprocessing\connection.py", line 200, in send_bytes
    self._send_bytes(m[offset:offset + size])
  File "C:\Users\Admin\AppData\Local\Programs\Python\Python311\Lib\multiprocessing\connection.py", line 289, in _send_bytes
    ov, err = _winapi.WriteFile(self._handle, buf, overlapped=True)
              ^^^^^^^^^^^^^^^^^^^^^^^^^^^^^^^^^^^^^^^^^^^^^^^^^^^^^
BrokenPipeError: [WinError 232] The pipe is being closed

During handling of the above exception, another exception occurred:

Traceback (most recent call last):
  File "C:\Users\Admin\AppData\Local\Programs\Python\Python311\Lib\multiprocessing\process.py", line 314, in _bootstrap
    self.run()
  File "C:\Users\Admin\AppData\Local\Programs\Python\Python311\Lib\multiprocessing\process.py", line 108, in run
    self._target(*self._args, **self._kwargs)
  File "C:\Users\Admin\AppData\Local\Programs\Python\Python311\Lib\multiprocessing\pool.py", line 136, in worker
    put((job, i, (False, wrapped)))
  File "C:\Users\Admin\AppData\Local\Programs\Python\Python311\Lib\multiprocessing\queues.py", line 374, in put
    self._writer.send_bytes(obj)
  File "C:\Users\Admin\AppData\Local\Programs\Python\Python311\Lib\multiprocessing\connection.py", line 200, in send_bytes
    self._send_bytes(m[offset:offset + size])
  File "C:\Users\Admin\AppData\Local\Programs\Python\Python311\Lib\multiprocessing\connection.py", line 289, in _send_bytes
    ov, err = _winapi.WriteFile(self._handle, buf, overlapped=True)
              ^^^^^^^^^^^^^^^^^^^^^^^^^^^^^^^^^^^^^^^^^^^^^^^^^^^^^
BrokenPipeError: [WinError 232] The pipe is being closed
